nohup: ignoring input
2026-08-24T05:28:08Z INF Thank you for trying Cloudflare Tunnel. Doing so, without a Cloudflare account, is a quick way to experiment and try it out. However, be aware that these account-less Tunnels have no uptime guarantee, are subject to the Cloudflare Online Services Terms of Use (https://www.cloudflare.com/website-terms/), and Cloudflare reserves the right to investigate your use of Tunnels for violations of such terms. If you intend to use Tunnels in production you should use a pre-created named tunnel by following: https://developers.cloudflare.com/cloudflare-one/connections/connect-apps
2026-08-24T05:28:08Z INF Requesting new quick Tunnel on trycloudflare.com...
2026-08-24T05:28:11Z INF +--------------------------------------------------------------------------------------------+
2026-08-24T05:28:11Z INF |  Your quick Tunnel has been created! Visit it at (it may take some time to be reachable):  |
2026-08-24T05:28:11Z INF |  https://consolidation-bike-achieving-nutritional.trycloudflare.com                        |
2026-08-24T05:28:11Z INF +--------------------------------------------------------------------------------------------+
2026-08-24T05:28:11Z INF Cannot determine default configuration path. No file [config.yml config.yaml] in [~/.cloudflared ~/.cloudflare-warp ~/cloudflare-warp /etc/cloudflared /usr/local/etc/cloudflared]
2026-08-24T05:28:11Z INF Version 2026.6.1 (Checksum 9170a9ab6599ab83fec189aacac24d201953047202907d183f7feb6b637d9584)
2026-08-24T05:28:11Z INF GOOS: android, GOVersion: go1.26.4, GoArch: arm64
2026-08-24T05:28:11Z INF Settings: map[ha-connections:1 protocol:quic url:http://localhost:5000]
2026-08-24T05:28:11Z INF Autoupdate frequency is set autoupdateFreq=86400000
2026-08-24T05:28:12Z INF Generated Connector ID: 4211c349-ea03-46af-bf2f-b0701f934c7b
2026-08-24T05:28:12Z INF Initial protocol quic
2026-08-24T05:28:12Z INF ICMP proxy will use 100.116.22.117 as source for IPv4
2026-08-24T05:28:12Z INF ICMP proxy will use :: as source for IPv6
2026-08-24T05:28:12Z WRN The user running cloudflared process has a GID (group ID) that is not within ping_group_range. You might need to add that user to a group within that range, or instead update the range to encompass a group the user is already in by modifying /proc/sys/net/ipv4/ping_group_range. Otherwise cloudflared will not be able to ping this network error="open /proc/sys/net/ipv4/ping_group_range: permission denied"
2026-08-24T05:28:12Z INF ICMP proxy will use 100.116.22.117 as source for IPv4
2026-08-24T05:28:12Z INF ICMP proxy will use :: as source for IPv6
2026-08-24T05:28:12Z INF Starting metrics server on 127.0.0.1:20241/metrics
2026-08-24T05:28:12Z INF Tunnel connection curve preferences: [X25519MLKEM768 CurveID(65074) CurveP256] connIndex=0 event=0 ip=2606:4700:a8::10
2026-08-24T05:28:12Z INF Registered tunnel connection connIndex=0 connection=afc3d18e-9faf-44c4-9741-5b98f6a088d3 event=0 ip=2606:4700:a8::10 location=ord07 protocol=quic
2026-08-24T05:28:12Z INF +-------------------------------------------------------------------------------------+
2026-08-24T05:28:12Z INF |                               CONNECTIVITY PRE-CHECKS                               |
2026-08-24T05:28:12Z INF +-------------------------------------------------------------------------------------+
2026-08-24T05:28:12Z INF |  COMPONENT         TARGET                     STATUS  DETAILS                       |
2026-08-24T05:28:12Z INF |  DNS Resolution    region1.v2.argotunnel.com  PASS    DNS Resolved successfully     |
2026-08-24T05:28:12Z INF |  DNS Resolution    region2.v2.argotunnel.com  PASS    DNS Resolved successfully     |
2026-08-24T05:28:12Z INF |  UDP Connectivity  region1.v2.argotunnel.com  PASS    QUIC connection successful    |
2026-08-24T05:28:12Z INF |  UDP Connectivity  region2.v2.argotunnel.com  PASS    QUIC connection successful    |
2026-08-24T05:28:12Z INF |  TCP Connectivity  region1.v2.argotunnel.com  PASS    HTTP/2 connection successful  |
2026-08-24T05:28:12Z INF |  TCP Connectivity  region2.v2.argotunnel.com  PASS    HTTP/2 connection successful  |
2026-08-24T05:28:12Z INF |  Cloudflare API    api.cloudflare.com:443     PASS    API is reachable              |
2026-08-24T05:28:12Z INF |                                                                                     |
2026-08-24T05:28:12Z INF |  SUMMARY: Environment is healthy. cloudflared will use 'quic' as primary protocol.  |
2026-08-24T05:28:12Z INF +-------------------------------------------------------------------------------------+
2026-08-24T05:28:12Z INF precheck component="DNS Resolution" details="DNS Resolved successfully" run_id=2bf46598-3da7-4ce5-8b96-1577e3792800 status=pass target=region1.v2.argotunnel.com
2026-08-24T05:28:12Z INF precheck component="DNS Resolution" details="DNS Resolved successfully" run_id=2bf46598-3da7-4ce5-8b96-1577e3792800 status=pass target=region2.v2.argotunnel.com
2026-08-24T05:28:12Z INF precheck component="UDP Connectivity" details="QUIC connection successful" run_id=2bf46598-3da7-4ce5-8b96-1577e3792800 status=pass target=region1.v2.argotunnel.com
2026-08-24T05:28:12Z INF precheck component="UDP Connectivity" details="QUIC connection successful" run_id=2bf46598-3da7-4ce5-8b96-1577e3792800 status=pass target=region2.v2.argotunnel.com
2026-08-24T05:28:12Z INF precheck component="TCP Connectivity" details="HTTP/2 connection successful" run_id=2bf46598-3da7-4ce5-8b96-1577e3792800 status=pass target=region1.v2.argotunnel.com
2026-08-24T05:28:12Z INF precheck component="TCP Connectivity" details="HTTP/2 connection successful" run_id=2bf46598-3da7-4ce5-8b96-1577e3792800 status=pass target=region2.v2.argotunnel.com
2026-08-24T05:28:12Z INF precheck component="Cloudflare API" details="API is reachable" run_id=2bf46598-3da7-4ce5-8b96-1577e3792800 status=pass target=api.cloudflare.com:443
2026-08-24T05:28:12Z INF precheck complete hard_fail=false run_id=2bf46598-3da7-4ce5-8b96-1577e3792800 suggested_protocol=quic
